eval-in-constr
0123456789
foo
red
5
I'm a red rocket
7
I'm flying @ 5 speed
obj
thing
