[]
[]
4
undefined
[]
10
undefined
first
3
undefined
7
undefined
12
undefined