[[]]
[[]]
4
[None]
[[]]
10
[None]
first3[None, None]
7[None]
12[None]