[Def {getMeta = fromList [("fileType","py")], getDefName = "x", getDefBody = LkiNothing {getMeta = fromList [("fileType","py")]}}
,Def {getMeta = fromList [("fileType","py")], getDefName = "y", getDefBody = Number {getMeta = fromList [("fileType","py")], getNumber = 2}}
,Def {getMeta = fromList [("fileType","py")], getDefName = "x", getDefBody = Atom {getMeta = fromList [("fileType","py")], getAtom = "y"}}
,Def {getMeta = fromList [("fileType","py")], getDefName = "x", getDefBody = List {getMeta = fromList [("fileType","py")], getList = [Atom {getMeta = fromList [("fileType","py")], getAtom = "+"},Number {getMeta = fromList [("fileType","py")], getNumber = 1},Number {getMeta = fromList [("fileType","py")], getNumber = 2}]}}
,Def {getMeta = fromList [("fileType","py")], getDefName = "y", getDefBody = List {getMeta = fromList [("fileType","py")], getList = [Number {getMeta = fromList [("fileType","py")], getNumber = 1},Number {getMeta = fromList [("fileType","py")], getNumber = 2}]}}
,Def {getMeta = fromList [("fileType","py")], getDefName = "x", getDefBody = LkiNothing {getMeta = fromList [("fileType","py")]}}
,Def {getMeta = fromList [("fileType","py")], getDefName = "x", getDefBody = LkiNothing {getMeta = fromList [("fileType","py")]}}
,Def {getMeta = fromList [("fileType","py")], getDefName = "x", getDefBody = LkiNothing {getMeta = fromList [("fileType","py")]}}
,Def {getMeta = fromList [("fileType","py")], getDefName = "x", getDefBody = Number {getMeta = fromList [("fileType","py")], getNumber = 1}}
,Def {getMeta = fromList [("fileType","py")], getDefName = "x", getDefBody = Number {getMeta = fromList [("fileType","py")], getNumber = 1}}
,Def {getMeta = fromList [("fileType","py")], getDefName = "x", getDefBody = Number {getMeta = fromList [("fileType","py")], getNumber = 1}}
,Def {getMeta = fromList [("fileType","py")], getDefName = "y", getDefBody = Fn {getMeta = fromList [("fileType","py")], getFnArgs = ["x"], getFnBody = [List {getMeta = fromList [("fileType","py")], getList = [Atom {getMeta = fromList [("fileType","py")], getAtom = "print"},Atom {getMeta = fromList [("fileType","py")], getAtom = "x"}]}]}}
,Def {getMeta = fromList [("fileType","py")], getDefName = "z", getDefBody = Fn {getMeta = fromList [("fileType","py")], getFnArgs = [], getFnBody = [List {getMeta = fromList [("fileType","py")], getList = [Atom {getMeta = fromList [("fileType","py")], getAtom = "print"},String {getMeta = fromList [("fileType","py")], getString = "hello"}]}]}}
,Def {getMeta = fromList [("fileType","py")], getDefName = "a", getDefBody = Fn {getMeta = fromList [("fileType","py")], getFnArgs = [], getFnBody = [List {getMeta = fromList [("fileType","py")], getList = []}]}}
,Def {getMeta = fromList [("fileType","py")], getDefName = "y", getDefBody = Fn {getMeta = fromList [("fileType","py")], getFnArgs = ["x"], getFnBody = [List {getMeta = fromList [("fileType","py")], getList = [Atom {getMeta = fromList [("fileType","py")], getAtom = "print"},Atom {getMeta = fromList [("fileType","py")], getAtom = "x"}]}]}}
,Def {getMeta = fromList [("fileType","py")], getDefName = "y", getDefBody = Fn {getMeta = fromList [("fileType","py")], getFnArgs = ["x"], getFnBody = [List {getMeta = fromList [("fileType","py")], getList = [Atom {getMeta = fromList [("fileType","py")], getAtom = "print"},Atom {getMeta = fromList [("fileType","py")], getAtom = "x"}]}]}}
,Def {getMeta = fromList [("fileType","py")], getDefName = "y", getDefBody = Fn {getMeta = fromList [("fileType","py")], getFnArgs = ["x"], getFnBody = [List {getMeta = fromList [("fileType","py")], getList = [Atom {getMeta = fromList [("fileType","py")], getAtom = "print"},Atom {getMeta = fromList [("fileType","py")], getAtom = "x"}]}]}}
,List {getMeta = fromList [("fileType","py")], getList = [Atom {getMeta = fromList [("fileType","py")], getAtom = "print"},List {getMeta = fromList [("fileType","py")], getList = [Fn {getMeta = fromList [("fileType","py")], getFnArgs = [], getFnBody = [List {getMeta = fromList [("fileType","py")], getList = []}]}]}]}
,List {getMeta = fromList [("fileType","py")], getList = [Atom {getMeta = fromList [("fileType","py")], getAtom = "print"},List {getMeta = fromList [("fileType","py")], getList = [Fn {getMeta = fromList [("fileType","py")], getFnArgs = ["x"], getFnBody = [List {getMeta = fromList [("fileType","py")], getList = []}]},Number {getMeta = fromList [("fileType","py")], getNumber = 1}]}]}
,List {getMeta = fromList [("fileType","py")], getList = [Atom {getMeta = fromList [("fileType","py")], getAtom = "print"},List {getMeta = fromList [("fileType","py")], getList = [Fn {getMeta = fromList [("fileType","py")], getFnArgs = ["x"], getFnBody = [List {getMeta = fromList [("fileType","py")], getList = [Atom {getMeta = fromList [("fileType","py")], getAtom = "print"},Atom {getMeta = fromList [("fileType","py")], getAtom = "x"}]}]},Number {getMeta = fromList [("fileType","py")], getNumber = 4}]}]}
,List {getMeta = fromList [("fileType","py")], getList = [Atom {getMeta = fromList [("fileType","py")], getAtom = "print"},List {getMeta = fromList [("fileType","py")], getList = [Fn {getMeta = fromList [("fileType","py")], getFnArgs = ["x","y"], getFnBody = [List {getMeta = fromList [("fileType","py")], getList = []}]},Number {getMeta = fromList [("fileType","py")], getNumber = 2},Number {getMeta = fromList [("fileType","py")], getNumber = 5}]}]}
,List {getMeta = fromList [("fileType","py")], getList = [Atom {getMeta = fromList [("fileType","py")], getAtom = "print"},List {getMeta = fromList [("fileType","py")], getList = [Fn {getMeta = fromList [("fileType","py")], getFnArgs = ["x","y"], getFnBody = [List {getMeta = fromList [("fileType","py")], getList = [Atom {getMeta = fromList [("fileType","py")], getAtom = "print"},List {getMeta = fromList [("fileType","py")], getList = [Atom {getMeta = fromList [("fileType","py")], getAtom = "+"},Atom {getMeta = fromList [("fileType","py")], getAtom = "x"},Atom {getMeta = fromList [("fileType","py")], getAtom = "y"}]}]}]},Number {getMeta = fromList [("fileType","py")], getNumber = 1},Number {getMeta = fromList [("fileType","py")], getNumber = 9}]}]}
,List {getMeta = fromList [("fileType","py")], getList = [Atom {getMeta = fromList [("fileType","py")], getAtom = "print"},List {getMeta = fromList [("fileType","py")], getList = [Fn {getMeta = fromList [("fileType","py")], getFnArgs = ["x","y","z"], getFnBody = [List {getMeta = fromList [("fileType","py")], getList = [Atom {getMeta = fromList [("fileType","py")], getAtom = "print"},String {getMeta = fromList [("fileType","py")], getString = "first"}]},List {getMeta = fromList [("fileType","py")], getList = [Atom {getMeta = fromList [("fileType","py")], getAtom = "print"},List {getMeta = fromList [("fileType","py")], getList = [Atom {getMeta = fromList [("fileType","py")], getAtom = "+"},Atom {getMeta = fromList [("fileType","py")], getAtom = "x"},Atom {getMeta = fromList [("fileType","py")], getAtom = "y"},Atom {getMeta = fromList [("fileType","py")], getAtom = "z"}]}]}]},Number {getMeta = fromList [("fileType","py")], getNumber = 1},Number {getMeta = fromList [("fileType","py")], getNumber = 1},Number {getMeta = fromList [("fileType","py")], getNumber = 1}]}]}
,List {getMeta = fromList [("fileType","py")], getList = [Atom {getMeta = fromList [("fileType","py")], getAtom = "print"},List {getMeta = fromList [("fileType","py")], getList = [Fn {getMeta = fromList [("fileType","py")], getFnArgs = ["x"], getFnBody = [List {getMeta = fromList [("fileType","py")], getList = [Atom {getMeta = fromList [("fileType","py")], getAtom = "print"},Atom {getMeta = fromList [("fileType","py")], getAtom = "x"}]}]},Number {getMeta = fromList [("fileType","py")], getNumber = 7}]}]}
,List {getMeta = fromList [("fileType","py")], getList = [Atom {getMeta = fromList [("fileType","py")], getAtom = "print"},List {getMeta = fromList [("fileType","py")], getList = [Fn {getMeta = fromList [("fileType","py")], getFnArgs = ["x"], getFnBody = [List {getMeta = fromList [("fileType","py")], getList = [Atom {getMeta = fromList [("fileType","py")], getAtom = "print"},Atom {getMeta = fromList [("fileType","py")], getAtom = "x"}]}]},Number {getMeta = fromList [("fileType","py")], getNumber = 12}]}]}]