[Def (fromList [("fileType","js")]) "x" (PleaseIgnore (fromList [("fileType","js")])),Def (fromList [("fileType","js")]) "y" (Number (fromList [("fileType","js")]) 2),Def (fromList [("fileType","js")]) "x" (Atom (fromList [("fileType","js")]) "y"),Def (fromList [("fileType","js")]) "x" (List (fromList [("fileType","js")]) [Atom (fromList [("fileType","js")]) "+",Number (fromList [("fileType","js")]) 1,Number (fromList [("fileType","js")]) 2]),Def (fromList [("fileType","js")]) "y" (List (fromList [("fileType","js")]) [Number (fromList [("fileType","js")]) 1,Number (fromList [("fileType","js")]) 2]),Def (fromList [("fileType","js")]) "x" (PleaseIgnore (fromList [("fileType","js")])),Def (fromList [("fileType","js")]) "x" (PleaseIgnore (fromList [("fileType","js")])),Def (fromList [("fileType","js")]) "x" (PleaseIgnore (fromList [("fileType","js")])),Def (fromList [("fileType","js")]) "x" (Number (fromList [("fileType","js")]) 1),Def (fromList [("fileType","js")]) "x" (Number (fromList [("fileType","js")]) 1),Def (fromList [("fileType","js")]) "x" (Number (fromList [("fileType","js")]) 1),Fn (fromList [("fileType","js")]) [] [List (fromList [("fileType","js")]) []],Fn (fromList [("fileType","js")]) ["x"] [List (fromList [("fileType","js")]) []],Fn (fromList [("fileType","js")]) ["x"] [List (fromList [("fileType","js")]) [Atom (fromList [("fileType","js")]) "print",Atom (fromList [("fileType","js")]) "x"]],Fn (fromList [("fileType","js")]) ["x","y"] [List (fromList [("fileType","js")]) []],Fn (fromList [("fileType","js")]) ["x","y"] [List (fromList [("fileType","js")]) [Atom (fromList [("fileType","js")]) "print",List (fromList [("fileType","js")]) [Atom (fromList [("fileType","js")]) "+",Atom (fromList [("fileType","js")]) "x",Atom (fromList [("fileType","js")]) "y"]]],Fn (fromList [("fileType","js")]) ["x","y","z"] [List (fromList [("fileType","js")]) [Atom (fromList [("fileType","js")]) "print",String (fromList [("fileType","js")]) "first"],List (fromList [("fileType","js")]) [Atom (fromList [("fileType","js")]) "print",List (fromList [("fileType","js")]) [Atom (fromList [("fileType","js")]) "+",Atom (fromList [("fileType","js")]) "x",Atom (fromList [("fileType","js")]) "y",Atom (fromList [("fileType","js")]) "z"]]],Fn (fromList [("fileType","js")]) ["x"] [List (fromList [("fileType","js")]) [Atom (fromList [("fileType","js")]) "print",Atom (fromList [("fileType","js")]) "x"]],Fn (fromList [("fileType","js")]) ["x"] [List (fromList [("fileType","js")]) [Atom (fromList [("fileType","js")]) "print",Atom (fromList [("fileType","js")]) "x"]],Def (fromList [("fileType","js")]) "y" (Fn (fromList [("fileType","js")]) ["x"] [List (fromList [("fileType","js")]) [Atom (fromList [("fileType","js")]) "print",Atom (fromList [("fileType","js")]) "x"]]),Def (fromList [("fileType","js")]) "z" (Fn (fromList [("fileType","js")]) [] [List (fromList [("fileType","js")]) [Atom (fromList [("fileType","js")]) "print",String (fromList [("fileType","js")]) "hello"]]),Def (fromList [("fileType","js")]) "a" (Fn (fromList [("fileType","js")]) [] [List (fromList [("fileType","js")]) []]),Def (fromList [("fileType","js")]) "y" (Fn (fromList [("fileType","js")]) ["x"] [List (fromList [("fileType","js")]) [Atom (fromList [("fileType","js")]) "print",Atom (fromList [("fileType","js")]) "x"]]),Def (fromList [("fileType","js")]) "y" (Fn (fromList [("fileType","js")]) ["x"] [List (fromList [("fileType","js")]) [Atom (fromList [("fileType","js")]) "print",Atom (fromList [("fileType","js")]) "x"]]),Def (fromList [("fileType","js")]) "y" (Fn (fromList [("fileType","js")]) ["x"] [List (fromList [("fileType","js")]) [Atom (fromList [("fileType","js")]) "print",Atom (fromList [("fileType","js")]) "x"]])]