[List {getMeta = fromList [("fileType","js")], getList = [Atom {getMeta = fromList [("fileType","js")], getAtom = "print"},Number {getMeta = fromList [("fileType","js")], getNumber = 5}]},List {getMeta = fromList [("fileType","js")], getList = [Atom {getMeta = fromList [("fileType","js")], getAtom = "print"},String {getMeta = fromList [("fileType","js")], getString = "print"}]},List {getMeta = fromList [("fileType","js")], getList = [Atom {getMeta = fromList [("fileType","js")], getAtom = "print"},List {getMeta = fromList [("fileType","js")], getList = [Atom {getMeta = fromList [("fileType","js")], getAtom = "get"},List {getMeta = fromList [("fileType","js")], getList = [Number {getMeta = fromList [("fileType","js")], getNumber = 0},Number {getMeta = fromList [("fileType","js")], getNumber = 1},Number {getMeta = fromList [("fileType","js")], getNumber = 2}]},Number {getMeta = fromList [("fileType","js")], getNumber = 1}]}]},List {getMeta = fromList [("fileType","js")], getList = [Atom {getMeta = fromList [("fileType","js")], getAtom = "print"},List {getMeta = fromList [("fileType","js")], getList = [Atom {getMeta = fromList [("fileType","js")], getAtom = "get"},Map {getMeta = fromList [("fileType","js")], getMapKeys = ["\"x\""], getMapVals = [Number {getMeta = fromList [("fileType","js")], getNumber = 5}]},String {getMeta = fromList [("fileType","js")], getString = "x"}]}]},List {getMeta = fromList [("fileType","js")], getList = [Atom {getMeta = fromList [("fileType","js")], getAtom = "print"},List {getMeta = fromList [("fileType","js")], getList = [Atom {getMeta = fromList [("fileType","js")], getAtom = "assoc"},Map {getMeta = fromList [("fileType","js")], getMapKeys = [], getMapVals = []},String {getMeta = fromList [("fileType","js")], getString = "x"},String {getMeta = fromList [("fileType","js")], getString = "y"}]}]},List {getMeta = fromList [("fileType","js")], getList = [Atom {getMeta = fromList [("fileType","js")], getAtom = "print"},List {getMeta = fromList [("fileType","js")], getList = [Atom {getMeta = fromList [("fileType","js")], getAtom = "range"},Number {getMeta = fromList [("fileType","js")], getNumber = 5}]}]},List {getMeta = fromList [("fileType","js")], getList = [Atom {getMeta = fromList [("fileType","js")], getAtom = "print"},List {getMeta = fromList [("fileType","js")], getList = [Atom {getMeta = fromList [("fileType","js")], getAtom = "+"},Number {getMeta = fromList [("fileType","js")], getNumber = 1},Number {getMeta = fromList [("fileType","js")], getNumber = 2},Number {getMeta = fromList [("fileType","js")], getNumber = 3}]}]},List {getMeta = fromList [("fileType","js")], getList = [Atom {getMeta = fromList [("fileType","js")], getAtom = "print"},List {getMeta = fromList [("fileType","js")], getList = [Atom {getMeta = fromList [("fileType","js")], getAtom = "-"},Number {getMeta = fromList [("fileType","js")], getNumber = 1},Number {getMeta = fromList [("fileType","js")], getNumber = 2},Number {getMeta = fromList [("fileType","js")], getNumber = 3}]}]},List {getMeta = fromList [("fileType","js")], getList = [Atom {getMeta = fromList [("fileType","js")], getAtom = "print"},List {getMeta = fromList [("fileType","js")], getList = [Atom {getMeta = fromList [("fileType","js")], getAtom = "*"},Number {getMeta = fromList [("fileType","js")], getNumber = 1},Number {getMeta = fromList [("fileType","js")], getNumber = 2},Number {getMeta = fromList [("fileType","js")], getNumber = 3}]}]},List {getMeta = fromList [("fileType","js")], getList = [Atom {getMeta = fromList [("fileType","js")], getAtom = "print"},List {getMeta = fromList [("fileType","js")], getList = [Atom {getMeta = fromList [("fileType","js")], getAtom = "/"},Number {getMeta = fromList [("fileType","js")], getNumber = 1},Number {getMeta = fromList [("fileType","js")], getNumber = 2},Number {getMeta = fromList [("fileType","js")], getNumber = 3}]}]},List {getMeta = fromList [("fileType","js")], getList = [Atom {getMeta = fromList [("fileType","js")], getAtom = "print"},List {getMeta = fromList [("fileType","js")], getList = [Atom {getMeta = fromList [("fileType","js")], getAtom = "mod"},Number {getMeta = fromList [("fileType","js")], getNumber = 1},Number {getMeta = fromList [("fileType","js")], getNumber = 2}]}]},List {getMeta = fromList [("fileType","js")], getList = [Atom {getMeta = fromList [("fileType","js")], getAtom = "print"},List {getMeta = fromList [("fileType","js")], getList = [Atom {getMeta = fromList [("fileType","js")], getAtom = "and"},Bool {getMeta = fromList [("fileType","js")], getBool = True},Bool {getMeta = fromList [("fileType","js")], getBool = False}]}]},List {getMeta = fromList [("fileType","js")], getList = [Atom {getMeta = fromList [("fileType","js")], getAtom = "print"},List {getMeta = fromList [("fileType","js")], getList = [Atom {getMeta = fromList [("fileType","js")], getAtom = "or"},Bool {getMeta = fromList [("fileType","js")], getBool = True},Bool {getMeta = fromList [("fileType","js")], getBool = False}]}]},List {getMeta = fromList [("fileType","js")], getList = [Atom {getMeta = fromList [("fileType","js")], getAtom = "print"},List {getMeta = fromList [("fileType","js")], getList = [Atom {getMeta = fromList [("fileType","js")], getAtom = "="},Number {getMeta = fromList [("fileType","js")], getNumber = 5},Number {getMeta = fromList [("fileType","js")], getNumber = 5}]}]},List {getMeta = fromList [("fileType","js")], getList = [Atom {getMeta = fromList [("fileType","js")], getAtom = "print"},List {getMeta = fromList [("fileType","js")], getList = [Atom {getMeta = fromList [("fileType","js")], getAtom = "="},Number {getMeta = fromList [("fileType","js")], getNumber = 5},String {getMeta = fromList [("fileType","js")], getString = "5"}]}]},List {getMeta = fromList [("fileType","js")], getList = [Atom {getMeta = fromList [("fileType","js")], getAtom = "print"},List {getMeta = fromList [("fileType","js")], getList = [Atom {getMeta = fromList [("fileType","js")], getAtom = "!="},Number {getMeta = fromList [("fileType","js")], getNumber = 5},Number {getMeta = fromList [("fileType","js")], getNumber = 3}]}]},List {getMeta = fromList [("fileType","js")], getList = [Atom {getMeta = fromList [("fileType","js")], getAtom = "print"},List {getMeta = fromList [("fileType","js")], getList = [Atom {getMeta = fromList [("fileType","js")], getAtom = "!="},Number {getMeta = fromList [("fileType","js")], getNumber = 3},String {getMeta = fromList [("fileType","js")], getString = "3"}]}]},List {getMeta = fromList [("fileType","js")], getList = [Atom {getMeta = fromList [("fileType","js")], getAtom = "print"},List {getMeta = fromList [("fileType","js")], getList = [Atom {getMeta = fromList [("fileType","js")], getAtom = "<"},Number {getMeta = fromList [("fileType","js")], getNumber = 1},Number {getMeta = fromList [("fileType","js")], getNumber = 3},Number {getMeta = fromList [("fileType","js")], getNumber = 5},Number {getMeta = fromList [("fileType","js")], getNumber = 7}]}]},List {getMeta = fromList [("fileType","js")], getList = [Atom {getMeta = fromList [("fileType","js")], getAtom = "print"},List {getMeta = fromList [("fileType","js")], getList = [Atom {getMeta = fromList [("fileType","js")], getAtom = "<="},Number {getMeta = fromList [("fileType","js")], getNumber = 1},Number {getMeta = fromList [("fileType","js")], getNumber = 3},Number {getMeta = fromList [("fileType","js")], getNumber = 3},Number {getMeta = fromList [("fileType","js")], getNumber = 7}]}]},List {getMeta = fromList [("fileType","js")], getList = [Atom {getMeta = fromList [("fileType","js")], getAtom = "print"},List {getMeta = fromList [("fileType","js")], getList = [Atom {getMeta = fromList [("fileType","js")], getAtom = ">"},Number {getMeta = fromList [("fileType","js")], getNumber = 5},Number {getMeta = fromList [("fileType","js")], getNumber = 4},Number {getMeta = fromList [("fileType","js")], getNumber = 3}]}]},List {getMeta = fromList [("fileType","js")], getList = [Atom {getMeta = fromList [("fileType","js")], getAtom = "print"},List {getMeta = fromList [("fileType","js")], getList = [Atom {getMeta = fromList [("fileType","js")], getAtom = ">="},Number {getMeta = fromList [("fileType","js")], getNumber = 6},Number {getMeta = fromList [("fileType","js")], getNumber = 6},Number {getMeta = fromList [("fileType","js")], getNumber = 6},Number {getMeta = fromList [("fileType","js")], getNumber = 0}]}]}]
