Loki.printf(5)
Loki.printf("print")
Loki.printf(Loki.get([0, 1, 2], 1))
Loki.printf(Loki.get({"x" : 5}, "x"))
Loki.printf(Loki.assoc({}, "x", "y"))
Loki.printf(Loki.range(5))
Loki.printf(Loki.plus(1, 2, 3))
Loki.printf(Loki.minus(1, 2, 3))
Loki.printf(Loki.mult(1, 2, 3))
Loki.printf(Loki.div(1, 2, 3))
Loki.printf(Loki.mod(1, 2))
Loki.printf(Loki.and_(True, False))
Loki.printf(Loki.or_(True, False))
Loki.printf(Loki.eq(5, 3))
Loki.printf(Loki.eq(3, "3"))
Loki.printf(Loki.neq(5, 3))
Loki.printf(Loki.neq(3, "3"))
Loki.printf(Loki.lt(1, 3, 5, 7))
Loki.printf(Loki.lte(1, 3, 3, 7))
Loki.printf(Loki.gt(5, 4, 3))
Loki.printf(Loki.gte(6, 6, 6, 0))

r = Loki.range(20)
Loki.printf(Loki.sc(r, 1, 3))
Loki.printf(Loki.dc(r, 1, 2))
Loki.printf(Loki.dcm(r, 1, 2, 7))
Loki.printf(Loki.in_("h", "hello"))
Loki.printf(Loki.in_("f", "hello"))
Loki.printf(Loki.not_(Loki.in_("f", "hello")))
Loki.printf(Loki.not_(Loki.in_("h", "hello")))