5
print
1
5
{ x: 'y' }
[ 0, 1, 2, 3, 4 ]
6
-4
6
0.16666666666666666
1
false
true
false
false
true
true
true
true
true
true