5
print
1
5
None
[0, 1, 2, 3, 4]
6
-4
6
0
1
False
True
True
False
True
True
True
True
False
True
