[]
[]
[ 1, 2, 3 ]
[ 4, 5, 6 ]
[ 7, 8, 9 ]
{}
{}
{ x: 1 }
{ z: 3, y: 2 }
{ c: 6, b: 5, a: 4 }
{ e: 8, d: 7 }
