loki.print([])
loki.print([])
loki.print([1, 2, 3])
loki.print([4, 5, 6])
loki.print([7, 8, 9])
loki.print({})
loki.print({})
loki.print({"x":1})
loki.print({"z":3,"y":2})
loki.print({"c":6,"b":5,"a":4})
loki.print({"e":8,"d":7})
