Loki.printf([])
Loki.printf([])
Loki.printf([1, 2, 3])
Loki.printf([4, 5, 6])
Loki.printf([7, 8, 9])
Loki.printf({})
Loki.printf({})
Loki.printf({"x" : 1})
Loki.printf({"z" : 3, "y" : 2})
Loki.printf({"c" : 6, "b" : 5, "a" : 4})
Loki.printf({"e" : 8, "d" : 7})
