[]
[]
[1, 2, 3]
[4, 5, 6]
[7, 8, 9]
{}
{}
{'x': 1}
{'y': 2, 'z': 3}
{'a': 4, 'c': 6, 'b': 5}
{'e': 8, 'd': 7}
