7
9
10
hello
string with spaces
punctuation!
printing numbers 128292838723
4
9128390