TODO QUOTED

py

print this!
this is right

5
7

7
10