TODO QUOTED

js
-4

print this!
this is right

0
1
2

0
0
0
1
1
1
2
2
2
3
3
3

2
7

7
10